MPLINK 4.40, Linker
Linker Map File - Created Wed Dec 17 17:32:05 2025

                                 Section Info
                  Section       Type    Address   Location Size(Bytes)
                ---------  ---------  ---------  ---------  ---------
                   .org_0       code   0x000000    program   0x000000
                   .org_1       code   0x000000    program   0x000060
      .config_0FFF_MAIN.O       code   0x000fff    program   0x000002



                              Program Memory Usage 
                               Start         End      
                           ---------   ---------      
                            0x000000    0x00002f      
                            0x000fff    0x000fff      
            49 out of 261 program addresses used, program memory utilization is 18%



                              Symbols - Sorted by Name
                     Name    Address   Location    Storage File                     
                ---------  ---------  ---------  --------- ---------                
                   D2P5_I   0x00002b    program     static C:\Users\Alexandru\Desktop\SabbaticalProjects\Electronics\PIC10F200_LED_OSCILLATE\main.asm
                   D2P5_O   0x000029    program     static C:\Users\Alexandru\Desktop\SabbaticalProjects\Electronics\PIC10F200_LED_OSCILLATE\main.asm
            DEADTIME_20US   0x000012    program     static C:\Users\Alexandru\Desktop\SabbaticalProjects\Electronics\PIC10F200_LED_OSCILLATE\main.asm
              DELAY_2P5MS   0x000027    program     static C:\Users\Alexandru\Desktop\SabbaticalProjects\Electronics\PIC10F200_LED_OSCILLATE\main.asm
                     INIT   0x000000    program     static C:\Users\Alexandru\Desktop\SabbaticalProjects\Electronics\PIC10F200_LED_OSCILLATE\main.asm
                     MAIN   0x000005    program     static C:\Users\Alexandru\Desktop\SabbaticalProjects\Electronics\PIC10F200_LED_OSCILLATE\main.asm



                              Symbols - Sorted by Address
                     Name    Address   Location    Storage File                     
                ---------  ---------  ---------  --------- ---------                
                     INIT   0x000000    program     static C:\Users\Alexandru\Desktop\SabbaticalProjects\Electronics\PIC10F200_LED_OSCILLATE\main.asm
                     MAIN   0x000005    program     static C:\Users\Alexandru\Desktop\SabbaticalProjects\Electronics\PIC10F200_LED_OSCILLATE\main.asm
            DEADTIME_20US   0x000012    program     static C:\Users\Alexandru\Desktop\SabbaticalProjects\Electronics\PIC10F200_LED_OSCILLATE\main.asm
              DELAY_2P5MS   0x000027    program     static C:\Users\Alexandru\Desktop\SabbaticalProjects\Electronics\PIC10F200_LED_OSCILLATE\main.asm
                   D2P5_O   0x000029    program     static C:\Users\Alexandru\Desktop\SabbaticalProjects\Electronics\PIC10F200_LED_OSCILLATE\main.asm
                   D2P5_I   0x00002b    program     static C:\Users\Alexandru\Desktop\SabbaticalProjects\Electronics\PIC10F200_LED_OSCILLATE\main.asm


